
> tracknov-studio@0.1.0 dev
> next dev --hostname 127.0.0.1 --port 3010

  ▲ Next.js 14.2.35
  - Local:        http://127.0.0.1:3010
  - Network:      http://127.0.0.1:3010
  - Environments: .env.local

 ✓ Starting...
 ✓ Ready in 5.5s
 ○ Compiling /middleware ...
 ✓ Compiled /middleware in 2.6s (126 modules)
 ○ Compiling /login ...
 ✓ Compiled /login in 11.2s (704 modules)
 GET /login 200 in 8928ms
 GET /login 200 in 703ms
 ○ Compiling /favicon.ico ...
 ✓ Compiled /dashboard in 13s (404 modules)
 ✓ Compiled in 2.8s (361 modules)
 GET /favicon.ico 200 in 17583ms
 GET /dashboard 200 in 1448ms
 GET /favicon.ico 200 in 71ms
 ○ Compiling /api/session/heartbeat ...
 ✓ Compiled /api/session/heartbeat in 537ms (567 modules)
 POST /api/session/heartbeat 200 in 882ms
 POST /api/session/heartbeat 200 in 833ms
 ○ Compiling /review-queue ...
 ✓ Compiled /review-queue in 566ms (916 modules)
 POST /api/session/heartbeat 200 in 132ms
 ✓ Compiled /api/documents/[id] in 380ms (571 modules)
 POST /api/session/heartbeat 200 in 784ms
 GET /api/documents/04f1d8a0-5095-43e1-baff-cc24cbfbb217 307 in 2255ms
 ○ Compiling /team ...
 ✓ Compiled /team in 1117ms (932 modules)
 POST /api/session/heartbeat 200 in 175ms
 POST /api/session/heartbeat 200 in 163ms
 ✓ Compiled /auth/signout in 494ms (582 modules)
 POST /auth/signout 307 in 734ms
 POST /login 200 in 163ms
 POST /api/session/heartbeat 200 in 104ms
 POST /api/session/heartbeat 200 in 131ms
 ○ Compiling /documents ...
 ✓ Compiled /documents in 882ms (919 modules)
 POST /api/session/heartbeat 200 in 165ms
 POST /api/session/heartbeat 200 in 133ms
 POST /api/session/heartbeat 200 in 145ms
 POST /api/session/heartbeat 200 in 125ms
 ○ Compiling /credits ...
 ✓ Compiled /credits in 610ms (924 modules)
 POST /api/session/heartbeat 200 in 128ms
 POST /api/session/heartbeat 200 in 131ms
 POST /api/session/heartbeat 200 in 118ms
 POST /api/session/heartbeat 200 in 164ms
 ○ Compiling /projects ...
 ✓ Compiled /projects in 650ms (927 modules)
 POST /api/session/heartbeat 200 in 145ms
 POST /api/session/heartbeat 200 in 150ms
 POST /auth/signout 307 in 191ms
 POST /login 200 in 324ms
 POST /api/session/heartbeat 200 in 113ms
 POST /api/session/heartbeat 200 in 128ms
 POST /auth/signout 307 in 156ms
 POST /login 200 in 72ms
 POST /api/session/heartbeat 200 in 108ms
 POST /api/session/heartbeat 200 in 119ms
 POST /api/session/heartbeat 200 in 132ms
 POST /api/session/heartbeat 200 in 136ms
 ○ Compiling /projects/[id] ...
 ✓ Compiled /projects/[id] in 1113ms (950 modules)
 POST /api/session/heartbeat 200 in 185ms
 POST /api/session/heartbeat 200 in 115ms
 POST /api/session/heartbeat 200 in 200ms
 ✓ Compiled in 3.7s (919 modules)
 ✓ Compiled in 210ms (377 modules)
 ✓ Compiled /api/session/heartbeat in 334ms (568 modules)
 POST /api/session/heartbeat 200 in 843ms
 POST /api/session/heartbeat 200 in 126ms
 POST /api/session/heartbeat 200 in 127ms
 ✓ Compiled in 837ms (945 modules)
 ✓ Compiled in 432ms (377 modules)
 ✓ Compiled in 289ms (377 modules)
 ✓ Compiled in 1377ms (919 modules)
 ✓ Compiled in 277ms (377 modules)
 ✓ Compiled in 788ms (921 modules)
 ✓ Compiled in 738ms (921 modules)
 ✓ Compiled in 758ms (921 modules)
 ○ Compiling /api/session/heartbeat ...
 ✓ Compiled /api/session/heartbeat in 1364ms (570 modules)
 POST /api/session/heartbeat 200 in 1912ms
 POST /api/session/heartbeat 200 in 154ms
 POST /api/session/heartbeat 200 in 194ms
 ✓ Compiled in 1865ms (921 modules)
 ✓ Compiled in 302ms (377 modules)
 ✓ Compiled in 994ms (921 modules)
 ✓ Compiled in 691ms (921 modules)
 ✓ Compiled in 696ms (377 modules)
 ✓ Compiled in 1001ms (921 modules)
 ✓ Compiled in 968ms (921 modules)
 ○ Compiling /api/session/heartbeat ...
 ✓ Compiled /api/session/heartbeat in 1730ms (570 modules)
 ○ Compiling /_error ...
 POST /api/session/heartbeat 200 in 3353ms
 ✓ Compiled /_error in 5.3s (1173 modules)
 GET /projects 500 in 8503ms
 ○ Compiling /favicon.ico ...
 ✓ Compiled /favicon.ico in 839ms (639 modules)
 GET /favicon.ico 200 in 1179ms
 ✓ Compiled in 864ms (563 modules)
 ○ Compiling /_not-found ...
 GET /projects 200 in 2228ms
 ✓ Compiled /_not-found in 3.1s (1150 modules)
 GET /_next/static/css/app/layout.css?v=1777530763192 404 in 3579ms
 GET /_next/static/chunks/main-app.js?v=1777530763192 404 in 3295ms
 GET /_next/static/chunks/app-pages-internals.js 404 in 3291ms
 GET /_next/static/chunks/app/projects/loading.js 404 in 87ms
 GET /_next/static/chunks/app/error.js 404 in 91ms
 GET /_next/static/chunks/app/projects/page.js 404 in 89ms
 ○ Compiling /favicon.ico ...
 ✓ Compiled /favicon.ico in 1119ms (617 modules)
 GET /favicon.ico 200 in 1259ms
 ✓ Compiled in 971ms (1182 modules)
 ✓ Compiled in 974ms (1182 modules)
 ✓ Compiled in 812ms (1147 modules)
